// Jest Snapshot v1, https://goo.gl/fbAQLP

exports[`<DropdownMenu /> renders menu 1`] = `
<Styled(div)>
  <Connect(Companies) />
  <Styled(div)>
    <Connect(MenuLink)
      href="https://eagronom.com/en/mobile-app/"
      icon="phone_iphone"
      target="_blank"
      text="Get the mobile app"
    />
    <Connect(MenuLink)
      href="https://www.facebook.com/pg/eagronom/community/"
      icon="people"
      target="_blank"
      text="Community"
    />
    <Connect(MenuLink)
      href="https://help.eagronom.com/en/"
      icon="book"
      target="_blank"
      text="Knowledge base"
    />
  </Styled(div)>
  <Styled(div)>
    <Connect(MenuLink)
      href="/settings"
      icon="settings"
      text="Settings"
    />
    <Styled(Connect(MenuLink))
      href="/log-out"
      icon="exit_to_app"
      text="Log out"
    />
  </Styled(div)>
</Styled(div)>
`;
